// Jest Snapshot v1, https://goo.gl/fbAQLP

exports[`pruebas en /TodoListItem/ debe de mostrarse correctamente 1`] = `
<li
  className="list-group-item"
  key="1"
>
  <p
    className="false"
    onClick={[Function]}
  >
    <b>
      NaN
      .-
    </b>
     
    Aprender react
  </p>
  <button
    className="btn btn-danger"
    onClick={[Function]}
  >
    Borrar
  </button>
</li>
`;
